[resumo-react.vercel.app/index.html]
[backblue.gif]
[fade.gif]
[index.html]
[resumo-react.vercel.app/img/favicon.ico]
[resumo-react.vercel.app/_next/static/css/54975755665b9c92.css]
[resumo-react.vercel.app/_next/static/chunks/polyfills-5cd94c89d3acac5f.js]
[resumo-react.vercel.app/_next/static/chunks/webpack-2b99834efceef160.js]
[resumo-react.vercel.app/_next/static/chunks/framework-6e4ba497ae0c8a3f.js]
[resumo-react.vercel.app/_next/static/chunks/main-66dc39025408cecd.js]
[resumo-react.vercel.app/_next/static/chunks/pages/_app-8c03b4450648628f.js]
[resumo-react.vercel.app/_next/static/chunks/710-b3ba2567a339f837.js]
[resumo-react.vercel.app/_next/static/chunks/468-5d8f5d3715507eb5.js]
[resumo-react.vercel.app/_next/static/chunks/pages/index-15108ae04ccd40d7.js]
[resumo-react.vercel.app/_next/static/_pbt8QBFb5ra__H7EGq3g/_buildManifest.js]
[resumo-react.vercel.app/_next/static/_pbt8QBFb5ra__H7EGq3g/_ssgManifest.js]
[resumo-react.vercel.app/_next/static/_pbt8QBFb5ra__H7EGq3g/_middlewareManifest.js]
[resumo-react.vercel.app/img/signature.png]
[resumo-react.vercel.app/img/cv.jpg]
[resumo-react.vercel.app/img/thumb/square.jpg]
[resumo-react.vercel.app/img/portfolio/5.jpg]
[resumo-react.vercel.app/img/portfolio/1.jpg]
[resumo-react.vercel.app/img/portfolio/2.jpg]
[resumo-react.vercel.app/img/portfolio/3.jpg]
[resumo-react.vercel.app/img/portfolio/4.jpg]
[resumo-react.vercel.app/img/partners/1.png]
[resumo-react.vercel.app/img/partners/2.png]
[resumo-react.vercel.app/img/partners/3.png]
[resumo-react.vercel.app/img/partners/4.png]
[resumo-react.vercel.app/img/partners/5.png]
[resumo-react.vercel.app/img/partners/6.png]
[resumo-react.vercel.app/img/partners/7.png]
[resumo-react.vercel.app/img/blog/1.jpg]
[resumo-react.vercel.app/img/blog/2.jpg]
[resumo-react.vercel.app/img/blog/3.jpg]
[resumo-react.vercel.app/img/blog/4.jpg]
[resumo-react.vercel.app/img/blog/5.jpg]
[resumo-react.vercel.app/img/blog/6.jpg]
[resumo-react.vercel.app/index.html]
[resumo-react.vercel.app/img/right.jpg]
[resumo-react.vercel.app/_next/static/css/54975755665b9c92.css]
